// Jest Snapshot v1, https://goo.gl/fbAQLP

exports[`Renders ActivityBar component correctly 1`] = `
<View
  style={
    Object {
      "alignItems": "center",
      "backgroundColor": "rgba(69, 69, 69, 0.5)",
      "bottom": 0,
      "flexDirection": "row",
      "height": 40,
      "justifyContent": "center",
      "position": "absolute",
      "width": "100%",
      "zIndex": 100,
    }
  }
>
  <Text
    allowFontScaling={false}
    style={
      Array [
        Object {
          "color": "rgba(255, 255, 255, 1)",
          "fontSize": 20,
        },
        undefined,
        Object {
          "fontFamily": "Feather",
          "fontStyle": "normal",
          "fontWeight": "normal",
        },
        Object {},
      ]
    }
  >
    ïˆ“
  </Text>
  <Text
    style={
      Object {
        "color": "rgba(255, 255, 255, 1)",
        "fontFamily": "Nunito-Regular",
        "fontSize": 16,
        "lineHeight": 22,
        "marginHorizontal": 10,
      }
    }
  >
    No connection
  </Text>
</View>
`;
