// Jest Snapshot v1, https://goo.gl/fbAQLP

exports[`renders settings component correctly 1`] = `
<View>
  <Text>
    Hola settings
  </Text>
</View>
`;
